[1/339] Building C object _deps/webp-build/CMakeFiles/sharpyuv.dir/sharpyuv/sharpyuv_sse2.c.o
[2/339] Building C object _deps/webp-build/CMakeFiles/sharpyuv.dir/sharpyuv/sharpyuv_cpu.c.o
[3/339] Building C object _deps/webp-build/CMakeFiles/sharpyuv.dir/sharpyuv/sharpyuv_dsp.c.o
[4/339] Building C object _deps/webp-build/CMakeFiles/sharpyuv.dir/sharpyuv/sharpyuv_csp.c.o
[5/339] Building C object _deps/webp-build/CMakeFiles/sharpyuv.dir/sharpyuv/sharpyuv_gamma.c.o
[6/339] Automatic MOC and UIC for target spdlog
[7/339] Building C object _deps/webp-build/CMakeFiles/webpdecode.dir/src/dec/alpha_dec.c.o
[8/339] Building C object _deps/webp-build/CMakeFiles/webpdecode.dir/src/dec/buffer_dec.c.o
[9/339] Building C object _deps/webp-build/CMakeFiles/sharpyuv.dir/sharpyuv/sharpyuv_neon.c.o
[10/339] Building C object _deps/webp-build/CMakeFiles/webpdecode.dir/src/dec/quant_dec.c.o
[11/339] Building C object _deps/webp-build/CMakeFiles/sharpyuv.dir/sharpyuv/sharpyuv.c.o
[12/339] Building C object _deps/webp-build/CMakeFiles/webpdecode.dir/src/dec/idec_dec.c.o
[13/339] Building C object _deps/webp-build/CMakeFiles/webpdecode.dir/src/dec/frame_dec.c.o
[14/339] Building C object _deps/webp-build/CMakeFiles/webpdecode.dir/src/dec/io_dec.c.o
[15/339] Building C object _deps/webp-build/CMakeFiles/webpdecode.dir/src/dec/tree_dec.c.o
[16/339] Linking C static library _deps/webp-build/libsharpyuv.a
[17/339] Building C object _deps/webp-build/CMakeFiles/webpdecode.dir/src/dec/webp_dec.c.o
[18/339] Building C object _deps/webp-build/CMakeFiles/webpdecode.dir/src/dec/vp8_dec.c.o
[19/339] Building C object _deps/webp-build/CMakeFiles/webpencode.dir/src/enc/alpha_enc.c.o
[20/339] Building C object _deps/webp-build/CMakeFiles/webpencode.dir/src/enc/config_enc.c.o
[21/339] Building C object _deps/webp-build/CMakeFiles/webpencode.dir/src/enc/analysis_enc.c.o
[22/339] Building C object _deps/webp-build/CMakeFiles/webpencode.dir/src/enc/cost_enc.c.o
[23/339] Building C object _deps/webp-build/CMakeFiles/webpencode.dir/src/enc/filter_enc.c.o
[24/339] Building C object _deps/webp-build/CMakeFiles/webpencode.dir/src/enc/backward_references_cost_enc.c.o
[25/339] Building C object _deps/webp-build/CMakeFiles/webpdecode.dir/src/dec/vp8l_dec.c.o
[26/339] Building C object _deps/webp-build/CMakeFiles/webpencode.dir/src/enc/frame_enc.c.o
[27/339] Building C object _deps/webp-build/CMakeFiles/webpencode.dir/src/enc/near_lossless_enc.c.o
[28/339] Building C object _deps/webp-build/CMakeFiles/webpencode.dir/src/enc/iterator_enc.c.o
[29/339] Building C object _deps/webp-build/CMakeFiles/webpencode.dir/src/enc/picture_enc.c.o
[30/339] Building C object _deps/webp-build/CMakeFiles/webpencode.dir/src/enc/backward_references_enc.c.o
[31/339] Building C object _deps/webp-build/CMakeFiles/webpencode.dir/src/enc/picture_psnr_enc.c.o
[32/339] Building C object _deps/webp-build/CMakeFiles/webpencode.dir/src/enc/picture_rescale_enc.c.o
[33/339] Building C object _deps/webp-build/CMakeFiles/webpencode.dir/src/enc/histogram_enc.c.o
[34/339] Building C object _deps/webp-build/CMakeFiles/webpencode.dir/src/enc/picture_csp_enc.c.o
[35/339] Building C object _deps/webp-build/CMakeFiles/webpencode.dir/src/enc/syntax_enc.c.o
[36/339] Building C object _deps/webp-build/CMakeFiles/webpencode.dir/src/enc/tree_enc.c.o
[37/339] Building C object _deps/webp-build/CMakeFiles/webpencode.dir/src/enc/token_enc.c.o
[38/339] Building C object _deps/webp-build/CMakeFiles/webpencode.dir/src/enc/webp_enc.c.o
[39/339] Building C object _deps/webp-build/CMakeFiles/webpdsp.dir/src/dsp/cpu.c.o
[40/339] Building C object _deps/webp-build/CMakeFiles/webpdsp.dir/src/dsp/alpha_processing.c.o
[41/339] Building C object _deps/webp-build/CMakeFiles/webpencode.dir/src/enc/predictor_enc.c.o
[42/339] Building C object _deps/webp-build/CMakeFiles/webpdsp.dir/src/dsp/dec_clip_tables.c.o
[43/339] Building C object _deps/webp-build/CMakeFiles/webpdsp.dir/src/dsp/dec.c.o
[44/339] Building C object _deps/webp-build/CMakeFiles/webpencode.dir/src/enc/picture_tools_enc.c.o
[45/339] Building C object _deps/webp-build/CMakeFiles/webpdsp.dir/src/dsp/filters.c.o
[46/339] Building C object _deps/webp-build/CMakeFiles/webpencode.dir/src/enc/quant_enc.c.o
[47/339] Building C object _deps/webp-build/CMakeFiles/webpdsp.dir/src/dsp/lossless_avx2.c.o
[48/339] Building C object _deps/webp-build/CMakeFiles/webpdsp.dir/src/dsp/rescaler.c.o
[49/339] Building C object _deps/webp-build/CMakeFiles/webpdsp.dir/src/dsp/dec_sse41.c.o
[50/339] Building C object _deps/webp-build/CMakeFiles/webpdsp.dir/src/dsp/alpha_processing_sse41.c.o
[51/339] Building C object _deps/webp-build/CMakeFiles/webpdsp.dir/src/dsp/upsampling.c.o
[52/339] Building C object _deps/webp-build/CMakeFiles/webpencode.dir/src/enc/vp8l_enc.c.o
[53/339] Building C object _deps/webp-build/CMakeFiles/webpdsp.dir/src/dsp/lossless_sse41.c.o
[54/339] Building C object _deps/webp-build/CMakeFiles/webpdsp.dir/src/dsp/lossless.c.o
[55/339] Building C object _deps/webp-build/CMakeFiles/webpdsp.dir/src/dsp/upsampling_sse41.c.o
[56/339] Building C object _deps/webp-build/CMakeFiles/webpdsp.dir/src/dsp/dec_sse2.c.o
[57/339] Building C object _deps/webp-build/CMakeFiles/webpdsp.dir/src/dsp/yuv_sse41.c.o
[58/339] Building C object _deps/webp-build/CMakeFiles/webpdsp.dir/src/dsp/alpha_processing_sse2.c.o
[59/339] Building C object _deps/webp-build/CMakeFiles/webpdsp.dir/src/dsp/filters_sse2.c.o
[60/339] Building C object _deps/webp-build/CMakeFiles/webpdsp.dir/src/dsp/lossless_sse2.c.o
[61/339] Building C object _deps/webp-build/CMakeFiles/webpdsp.dir/src/dsp/yuv.c.o
[62/339] Building C object _deps/webp-build/CMakeFiles/webpdsp.dir/src/dsp/upsampling_sse2.c.o
[63/339] Building C object _deps/webp-build/CMakeFiles/webpdsp.dir/src/dsp/rescaler_sse2.c.o
[64/339] Building C object _deps/webp-build/CMakeFiles/webpdsp.dir/src/dsp/yuv_sse2.c.o
[65/339] Building C object _deps/webp-build/CMakeFiles/webpdsp.dir/src/dsp/rescaler_neon.c.o
[66/339] Building C object _deps/webp-build/CMakeFiles/webpdsp.dir/src/dsp/alpha_processing_neon.c.o
[67/339] Building C object _deps/webp-build/CMakeFiles/webpdsp.dir/src/dsp/lossless_neon.c.o
[68/339] Building C object _deps/webp-build/CMakeFiles/webpdsp.dir/src/dsp/dec_msa.c.o
[69/339] Building C object _deps/webp-build/CMakeFiles/webpdsp.dir/src/dsp/filters_neon.c.o
[70/339] Building C object _deps/webp-build/CMakeFiles/webpdsp.dir/src/dsp/filters_msa.c.o
[71/339] Building C object _deps/webp-build/CMakeFiles/webpdsp.dir/src/dsp/lossless_msa.c.o
[72/339] Building C object _deps/webp-build/CMakeFiles/webpdsp.dir/src/dsp/dec_neon.c.o
[73/339] Building C object _deps/webp-build/CMakeFiles/webpdsp.dir/src/dsp/rescaler_msa.c.o
[74/339] Building C object _deps/webp-build/CMakeFiles/webpdsp.dir/src/dsp/upsampling_msa.c.o
[75/339] Building C object _deps/webp-build/CMakeFiles/webpdsp.dir/src/dsp/dec_mips32.c.o
[76/339] Building C object _deps/webp-build/CMakeFiles/webpdsp.dir/src/dsp/rescaler_mips32.c.o
[77/339] Building C object _deps/webp-build/CMakeFiles/webpdsp.dir/src/dsp/yuv_mips32.c.o
[78/339] Building C object _deps/webp-build/CMakeFiles/webpdsp.dir/src/dsp/dec_mips_dsp_r2.c.o
[79/339] Building C object _deps/webp-build/CMakeFiles/webpdsp.dir/src/dsp/alpha_processing_mips_dsp_r2.c.o
[80/339] Building C object _deps/webp-build/CMakeFiles/webpdsp.dir/src/dsp/filters_mips_dsp_r2.c.o
[81/339] Building C object _deps/webp-build/CMakeFiles/webpdsp.dir/src/dsp/yuv_neon.c.o
[82/339] Building C object _deps/webp-build/CMakeFiles/webpdsp.dir/src/dsp/lossless_mips_dsp_r2.c.o
[83/339] Building C object _deps/webp-build/CMakeFiles/webpdsp.dir/src/dsp/rescaler_mips_dsp_r2.c.o
[84/339] Building C object _deps/webp-build/CMakeFiles/webpdsp.dir/src/dsp/upsampling_mips_dsp_r2.c.o
[85/339] Building C object _deps/webp-build/CMakeFiles/webpdsp.dir/src/dsp/yuv_mips_dsp_r2.c.o
[86/339] Building C object _deps/webp-build/CMakeFiles/webpdsp.dir/src/dsp/cost.c.o
[87/339] Building C object _deps/webp-build/CMakeFiles/webpdsp.dir/src/dsp/cost_sse2.c.o
[88/339] Building C object _deps/webp-build/CMakeFiles/webpdsp.dir/src/dsp/enc_sse2.c.o
[89/339] Building C object _deps/webp-build/CMakeFiles/webpdsp.dir/src/dsp/enc.c.o
[90/339] Building C object _deps/webp-build/CMakeFiles/webpdsp.dir/src/dsp/upsampling_neon.c.o
[91/339] Building C object _deps/webp-build/CMakeFiles/webpdsp.dir/src/dsp/ssim.c.o
[92/339] Building C object _deps/webp-build/CMakeFiles/webpdsp.dir/src/dsp/lossless_enc_sse2.c.o
[93/339] Building C object _deps/webp-build/CMakeFiles/webpdsp.dir/src/dsp/ssim_sse2.c.o
[94/339] Building C object _deps/webp-build/CMakeFiles/webpdsp.dir/src/dsp/enc_sse41.c.o
[95/339] Building C object _deps/webp-build/CMakeFiles/webpdsp.dir/src/dsp/lossless_enc_sse41.c.o
[96/339] Building C object _deps/webp-build/CMakeFiles/webpdsp.dir/src/dsp/lossless_enc_avx2.c.o
[97/339] Building C object _deps/webp-build/CMakeFiles/webpdsp.dir/src/dsp/lossless_enc.c.o
[98/339] Building C object _deps/webp-build/CMakeFiles/webpdsp.dir/src/dsp/enc_msa.c.o
[99/339] Building C object _deps/webp-build/CMakeFiles/webpdsp.dir/src/dsp/lossless_enc_msa.c.o
[100/339] Building C object _deps/webp-build/CMakeFiles/webpdsp.dir/src/dsp/cost_mips32.c.o
[101/339] Building C object _deps/webp-build/CMakeFiles/webpdsp.dir/src/dsp/lossless_enc_mips32.c.o
[102/339] Building C object _deps/webp-build/CMakeFiles/webpdsp.dir/src/dsp/cost_mips_dsp_r2.c.o
[103/339] Building C object _deps/webp-build/CMakeFiles/webpdsp.dir/src/dsp/enc_mips32.c.o
[104/339] Building C object _deps/webp-build/CMakeFiles/webpdsp.dir/src/dsp/cost_neon.c.o
[105/339] Building C object _deps/webp-build/CMakeFiles/webpdsp.dir/src/dsp/enc_mips_dsp_r2.c.o
[106/339] Building C object _deps/webp-build/CMakeFiles/webpdsp.dir/src/dsp/lossless_enc_neon.c.o
[107/339] Building C object _deps/webp-build/CMakeFiles/webpdsp.dir/src/dsp/lossless_enc_mips_dsp_r2.c.o
[108/339] Building C object _deps/webp-build/CMakeFiles/webputils.dir/src/utils/color_cache_utils.c.o
[109/339] Building C object _deps/webp-build/CMakeFiles/webputils.dir/src/utils/bit_reader_utils.c.o
[110/339] Building C object _deps/webp-build/CMakeFiles/webpdsp.dir/src/dsp/enc_neon.c.o
[111/339] Building C object _deps/webp-build/CMakeFiles/webputils.dir/src/utils/filters_utils.c.o
[112/339] Building C object _deps/webp-build/CMakeFiles/webputils.dir/src/utils/huffman_utils.c.o
[113/339] Building C object _deps/webp-build/CMakeFiles/webputils.dir/src/utils/random_utils.c.o
[114/339] Building C object _deps/webp-build/CMakeFiles/webputils.dir/src/utils/rescaler_utils.c.o
[115/339] Building C object _deps/webp-build/CMakeFiles/webputils.dir/src/utils/quant_levels_dec_utils.c.o
[116/339] Building C object _deps/webp-build/CMakeFiles/webputils.dir/src/utils/thread_utils.c.o
[117/339] Building C object _deps/webp-build/CMakeFiles/webputils.dir/src/utils/palette.c.o
[118/339] Building CXX object _deps/spdlog-build/CMakeFiles/spdlog.dir/spdlog_autogen/mocs_compilation.cpp.o
[119/339] Building C object _deps/webp-build/CMakeFiles/webputils.dir/src/utils/utils.c.o
[120/339] Building C object _deps/webp-build/CMakeFiles/webputils.dir/src/utils/quant_levels_utils.c.o
[121/339] Building C object _deps/webp-build/CMakeFiles/webputils.dir/src/utils/bit_writer_utils.c.o
[122/339] Building C object _deps/webp-build/CMakeFiles/webputils.dir/src/utils/huffman_encode_utils.c.o
[123/339] Building CXX object _deps/spdlog-build/CMakeFiles/spdlog.dir/src/file_sinks.cpp.o
[124/339] Building CXX object _deps/spdlog-build/CMakeFiles/spdlog.dir/src/async.cpp.o
[125/339] Building CXX object _deps/spdlog-build/CMakeFiles/spdlog.dir/src/stdout_sinks.cpp.o
[126/339] Building CXX object _deps/spdlog-build/CMakeFiles/spdlog.dir/src/cfg.cpp.o
[127/339] Building CXX object _deps/spdlog-build/CMakeFiles/spdlog.dir/src/color_sinks.cpp.o
[128/339] Linking C static library _deps/webp-build/libwebp.a
[129/339] Building C object _deps/webp-build/CMakeFiles/libwebpmux.dir/src/mux/muxinternal.c.o
[130/339] Building C object _deps/webp-build/CMakeFiles/libwebpmux.dir/src/mux/muxedit.c.o
[131/339] Building C object _deps/webp-build/CMakeFiles/libwebpmux.dir/src/mux/muxread.c.o
[132/339] Building CXX object CMakeFiles/ugurugu_ui_resources_1.dir/out/build/macos-release/.qt/rcc/qrc_ugurugu_canvas_shaders_init.cpp.o
[133/339] Building C object _deps/webp-build/CMakeFiles/libwebpmux.dir/src/mux/anim_encode.c.o
[134/339] Building C object _deps/webp-build/CMakeFiles/webpdemux.dir/src/demux/anim_decode.c.o
[135/339] Linking C static library _deps/webp-build/libwebpmux.a
[136/339] Copying OS X Content Ugurugu.app/Contents/Resources/Ugurugu.icns
[137/339] Building C object _deps/webp-build/CMakeFiles/webpdemux.dir/src/demux/demux.c.o
[138/339] Automatic MOC and UIC for target ugurugu_package_smoke
[139/339] Linking C static library _deps/webp-build/libwebpdemux.a
[140/339] Building CXX object CMakeFiles/ugurugu_package_smoke.dir/ugurugu_package_smoke_autogen/mocs_compilation.cpp.o
[141/339] Automatic MOC and UIC for target ugurugu_render_release_notes
[142/339] Building CXX object CMakeFiles/ugurugu_render_release_notes.dir/ugurugu_render_release_notes_autogen/mocs_compilation.cpp.o
[143/339] Generating .qsb/canvas_frame.frag.qsb
[144/339] Generating .qsb/canvas_frame.vert.qsb
[145/339] Building CXX object _deps/spdlog-build/CMakeFiles/spdlog.dir/src/bundled_fmtlib_format.cpp.o
[146/339] Building CXX object _deps/spdlog-build/CMakeFiles/spdlog.dir/src/spdlog.cpp.o
[147/339] Linking CXX static library _deps/spdlog-build/libspdlog.a
[148/339] Building CXX object CMakeFiles/ugurugu_render_release_notes.dir/tools/RenderReleaseNotes.cpp.o
[149/339] Building CXX object CMakeFiles/ugurugu_package_smoke.dir/tests/PackageSmoke.cpp.o
[150/339] Linking CXX executable ugurugu_render_release_notes
[151/339] Automatic MOC and UIC for target ugurugu_core
[152/339] Building CXX object CMakeFiles/ugurugu_core.dir/src/app/MemoryBudget.cpp.o
[153/339] Building CXX object CMakeFiles/ugurugu_core.dir/src/brush/EraserPreset.cpp.o
[154/339] Building CXX object CMakeFiles/ugurugu_core.dir/src/document/Document.cpp.o
[155/339] Building CXX object CMakeFiles/ugurugu_core.dir/src/brush/BrushPreset.cpp.o
[156/339] Building CXX object CMakeFiles/ugurugu_core.dir/src/document/DocumentBudget.cpp.o
[157/339] Building CXX object CMakeFiles/ugurugu_core.dir/ugurugu_core_autogen/mocs_compilation.cpp.o
[158/339] Linking CXX executable ugurugu_package_smoke
/Users/nyabi/Documents/Code/Ugurugu/out/build/macos-release/ugurugu_package_smoke: replacing existing signature
[159/339] Building CXX object CMakeFiles/ugurugu_core.dir/src/document/FrozenFillMask.cpp.o
[160/339] Building CXX object CMakeFiles/ugurugu_core.dir/src/document/history/DocumentUndoStack.cpp.o
[161/339] Building CXX object CMakeFiles/ugurugu_core.dir/src/document/DocumentControllerLayers.cpp.o
[162/339] Building CXX object CMakeFiles/ugurugu_core.dir/src/document/DocumentControllerStrokes.cpp.o
[163/339] Building CXX object CMakeFiles/ugurugu_core.dir/src/document/DocumentController.cpp.o
[164/339] Building CXX object CMakeFiles/ugurugu_core.dir/src/document/history/HistoryEffects.cpp.o
[165/339] Building CXX object CMakeFiles/ugurugu_core.dir/src/document/history/DocumentDelta.cpp.o
[166/339] Building CXX object CMakeFiles/ugurugu_core.dir/src/document/history/HistoryMemory.cpp.o
[167/339] Building CXX object CMakeFiles/ugurugu_core.dir/src/document/LayerHierarchy.cpp.o
[168/339] Building CXX object CMakeFiles/ugurugu_core.dir/src/document/DocumentOperations.cpp.o
[169/339] Building CXX object CMakeFiles/ugurugu_core.dir/src/document/SelectionOutline.cpp.o
[170/339] Building CXX object CMakeFiles/ugurugu_core.dir/src/document/SelectionOperation.cpp.o
[171/339] Building CXX object CMakeFiles/ugurugu_core.dir/src/document/SelectionVisibility.cpp.o
[172/339] Building CXX object CMakeFiles/ugurugu_core.dir/src/input/StrokeStabilizer.cpp.o
[173/339] Building CXX object CMakeFiles/ugurugu_core.dir/src/document/StrokeMask.cpp.o
[174/339] Building CXX object CMakeFiles/ugurugu_core.dir/src/io/AnimationExportPolicy.cpp.o
[175/339] Building CXX object CMakeFiles/ugurugu_core.dir/src/document/TextStrokeBuilder.cpp.o
[176/339] Building CXX object CMakeFiles/ugurugu_core.dir/src/io/SelectionClipboardCodec.cpp.o
[177/339] Building CXX object CMakeFiles/ugurugu_core.dir/src/io/WawaV10Reader.cpp.o
[178/339] Building CXX object CMakeFiles/ugurugu_core.dir/src/io/WawaV10Importer.cpp.o
[179/339] Building CXX object CMakeFiles/ugurugu_core.dir/src/io/serializer/DocumentValidation.cpp.o
[180/339] Building CXX object CMakeFiles/ugurugu_core.dir/src/io/DocumentSerializer.cpp.o
[181/339] Building CXX object CMakeFiles/ugurugu_core.dir/src/io/serializer/DocumentJsonCodec.cpp.o
[182/339] Building CXX object CMakeFiles/ugurugu_core.dir/src/io/serializer/MaskAssetTable.cpp.o
[183/339] Building CXX object CMakeFiles/ugurugu_core.dir/src/io/serializer/RasterAssetTable.cpp.o
[184/339] Building CXX object CMakeFiles/ugurugu_core.dir/src/render/DeterministicNoise.cpp.o
[185/339] Building CXX object CMakeFiles/ugurugu_core.dir/src/io/RenderExportPolicy.cpp.o
[186/339] Building CXX object CMakeFiles/ugurugu_core.dir/src/render/ClassicStrokeMotion.cpp.o
[187/339] Building CXX object CMakeFiles/ugurugu_core.dir/src/io/serializer/PreparedPlanBuilder.cpp.o
[188/339] Building CXX object CMakeFiles/ugurugu_core.dir/src/render/BrokenLineModel.cpp.o
[189/339] Building CXX object CMakeFiles/ugurugu_core.dir/src/render/FloodFillMask.cpp.o
[190/339] Building CXX object CMakeFiles/ugurugu_core.dir/src/io/GifWriter.cpp.o
[191/339] Building CXX object CMakeFiles/ugurugu_core.dir/src/render/MotionTimeModel.cpp.o
[192/339] Building CXX object CMakeFiles/ugurugu_core.dir/src/render/ImageAffineTransformer.cpp.o
[193/339] Building CXX object CMakeFiles/ugurugu_core.dir/src/render/ImageResampler.cpp.o
[194/339] Building CXX object CMakeFiles/ugurugu_core.dir/src/render/LayerThumbnailRenderer.cpp.o
[195/339] Building CXX object CMakeFiles/ugurugu_core.dir/src/render/LayerCompositionPlan.cpp.o
[196/339] Building CXX object CMakeFiles/ugurugu_core.dir/src/render/IncrementalStrokeRenderer.cpp.o
[197/339] Building CXX object CMakeFiles/ugurugu_core.dir/src/render/engine/DisplayScaleReplay.cpp.o
[198/339] Building CXX object CMakeFiles/ugurugu_core.dir/src/render/engine/PreviewScale.cpp.o
[199/339] Building CXX object CMakeFiles/ugurugu_core.dir/src/render/engine/LayerOperationReplay.cpp.o
[200/339] Building CXX object CMakeFiles/ugurugu_core.dir/src/render/engine/LayerHierarchyCompositor.cpp.o
[201/339] Building CXX object CMakeFiles/ugurugu_core.dir/src/render/PreviewRenderPolicy.cpp.o
[202/339] Building CXX object CMakeFiles/ugurugu_core.dir/src/render/RenderEngine.cpp.o
[203/339] Building CXX object CMakeFiles/ugurugu_core.dir/src/render/RenderEngineStrokes.cpp.o
[204/339] Building CXX object CMakeFiles/ugurugu_core.dir/src/render/RasterAssetCache.cpp.o
[205/339] Building CXX object CMakeFiles/ugurugu_core.dir/src/render/StrokeMotionModel.cpp.o
[206/339] Building CXX object CMakeFiles/ugurugu_core.dir/src/render/StrokeRenderer.cpp.o
[207/339] Building CXX object CMakeFiles/ugurugu_core.dir/src/render/StrokeCoverageRenderer.cpp.o
[208/339] Building CXX object CMakeFiles/ugurugu_core.dir/src/app/BackgroundWork.cpp.o
[209/339] Building CXX object CMakeFiles/ugurugu_core.dir/src/app/ApplicationInstanceLock.cpp.o
[210/339] Building CXX object CMakeFiles/ugurugu_core.dir/src/app/Logging.cpp.o
[211/339] Building CXX object CMakeFiles/ugurugu_core.dir/src/app/UpdateCheckPolicy.cpp.o
[212/339] Building CXX object CMakeFiles/ugurugu_core.dir/src/app/RecoveryStore.cpp.o
[213/339] Building CXX object CMakeFiles/ugurugu_core.dir/src/app/ReleaseNotes.cpp.o
[214/339] Building CXX object CMakeFiles/ugurugu_core.dir/src/app/RecoveryWriter.cpp.o
[215/339] Building CXX object CMakeFiles/ugurugu_core.dir/src/io/ExportWorker.cpp.o
[216/339] Building CXX object CMakeFiles/ugurugu_core.dir/src/io/WebPWriter.cpp.o
[217/339] Linking CXX static library libugurugu_core.a
[218/339] Automatic MOC and UIC for target ugurugu_ui
[219/339] Running rcc for resource ugurugu_canvas_shaders
[220/339] Building CXX object CMakeFiles/ugurugu_ui.dir/src/ui/AboutDialog.cpp.o
[221/339] Building CXX object CMakeFiles/ugurugu_ui.dir/src/ui/BrushSizeRow.cpp.o
[222/339] Building CXX object CMakeFiles/ugurugu_ui.dir/src/ui/BrushPopoverPanel.cpp.o
[223/339] Building CXX object CMakeFiles/ugurugu_ui.dir/src/ui/BucketPopoverPanel.cpp.o
[224/339] Building CXX object CMakeFiles/ugurugu_ui.dir/src/ui/BrushPresetButton.cpp.o
[225/339] Building CXX object CMakeFiles/ugurugu_ui.dir/ugurugu_ui_autogen/mocs_compilation.cpp.o
[226/339] Building CXX object CMakeFiles/ugurugu_ui.dir/src/ui/CanvasViewport.cpp.o
[227/339] Building CXX object CMakeFiles/ugurugu_ui.dir/src/ui/CanvasOverlayView.cpp.o
[228/339] Building CXX object CMakeFiles/ugurugu_ui.dir/src/ui/CanvasSizeDialog.cpp.o
[229/339] Building CXX object CMakeFiles/ugurugu_ui.dir/src/ui/CanvasFrameView.cpp.o
[230/339] Building CXX object CMakeFiles/ugurugu_ui.dir/src/ui/CanvasWidgetEvents.cpp.o
[231/339] Building CXX object CMakeFiles/ugurugu_ui.dir/src/ui/CanvasWidget.cpp.o
[232/339] Building CXX object CMakeFiles/ugurugu_ui.dir/src/ui/CanvasWidgetText.cpp.o
[233/339] Building CXX object CMakeFiles/ugurugu_ui.dir/src/ui/CanvasWidgetPreview.cpp.o
[234/339] Building CXX object CMakeFiles/ugurugu_ui.dir/src/ui/CanvasWidgetSelection.cpp.o
[235/339] Building CXX object CMakeFiles/ugurugu_ui.dir/src/ui/CanvasWidgetTools.cpp.o
[236/339] Building CXX object CMakeFiles/ugurugu_ui.dir/src/ui/ColorDock.cpp.o
[237/339] Building CXX object CMakeFiles/ugurugu_ui.dir/src/ui/ColorHistoryDock.cpp.o
[238/339] Building CXX object CMakeFiles/ugurugu_ui.dir/src/ui/ColorHistoryGrid.cpp.o
[239/339] Building CXX object CMakeFiles/ugurugu_ui.dir/src/ui/ColorPairSwatch.cpp.o
[240/339] Building CXX object CMakeFiles/ugurugu_ui.dir/src/ui/ColorWheel.cpp.o
[241/339] Building CXX object CMakeFiles/ugurugu_ui.dir/src/ui/ToolDock.cpp.o
[242/339] Building CXX object CMakeFiles/ugurugu_ui.dir/src/ui/ElidingCheckBox.cpp.o
[243/339] Building CXX object CMakeFiles/ugurugu_ui.dir/src/ui/ElidingToolButton.cpp.o
[244/339] Building CXX object CMakeFiles/ugurugu_ui.dir/src/ui/EraserPopoverPanel.cpp.o
[245/339] Building CXX object CMakeFiles/ugurugu_ui.dir/src/ui/EraserPresetButton.cpp.o
[246/339] Building CXX object CMakeFiles/ugurugu_ui.dir/src/ui/FileOpenEventRouter.cpp.o
[247/339] Building CXX object CMakeFiles/ugurugu_ui.dir/src/ui/FrameScrubber.cpp.o
[248/339] Building CXX object CMakeFiles/ugurugu_ui.dir/src/ui/HelpDialog.cpp.o
[249/339] Building CXX object CMakeFiles/ugurugu_ui.dir/src/ui/GifExportDialog.cpp.o
[250/339] Building CXX object CMakeFiles/ugurugu_ui.dir/src/ui/Icons.cpp.o
[251/339] Building CXX object CMakeFiles/ugurugu_ui.dir/src/ui/ImageSizeDialog.cpp.o
[252/339] Building CXX object CMakeFiles/ugurugu_ui.dir/src/ui/LayerItemDelegate.cpp.o
[253/339] Building CXX object CMakeFiles/ugurugu_ui.dir/src/ui/LayerListWidget.cpp.o
[254/339] Building CXX object CMakeFiles/ugurugu_ui.dir/src/ui/LassoPopoverPanel.cpp.o
[255/339] Building CXX object CMakeFiles/ugurugu_ui.dir/src/ui/LayerDock.cpp.o
[256/339] Building CXX object CMakeFiles/ugurugu_ui.dir/src/ui/DrawingToolSettings.cpp.o
[257/339] Building CXX object CMakeFiles/ugurugu_ui.dir/src/ui/MainWindowExport.cpp.o
[258/339] Building CXX object CMakeFiles/ugurugu_ui.dir/src/ui/PaletteDockAreaManager.cpp.o
[259/339] Building CXX object CMakeFiles/ugurugu_ui.dir/src/ui/MainWindowSettings.cpp.o
[260/339] Building CXX object CMakeFiles/ugurugu_ui.dir/src/ui/MainWindow.cpp.o
[261/339] Building CXX object CMakeFiles/ugurugu_ui.dir/src/ui/MainWindowActions.cpp.o
[262/339] Building CXX object CMakeFiles/ugurugu_ui.dir/src/ui/PaletteDockTitleBar.cpp.o
[263/339] Building CXX object CMakeFiles/ugurugu_ui.dir/src/ui/PopoverToolButton.cpp.o
[264/339] Building CXX object CMakeFiles/ugurugu_ui.dir/src/ui/PopoverOptionButton.cpp.o
[265/339] Building CXX object CMakeFiles/ugurugu_ui.dir/src/ui/ResponsiveGrid.cpp.o
[266/339] Building CXX object CMakeFiles/ugurugu_ui.dir/src/ui/SelectionShapeButton.cpp.o
[267/339] Building CXX object CMakeFiles/ugurugu_ui.dir/src/ui/SelectionActionBar.cpp.o
[268/339] Building CXX object CMakeFiles/ugurugu_ui.dir/src/ui/ShortcutBinding.cpp.o
[269/339] Building CXX object CMakeFiles/ugurugu_ui.dir/src/ui/SpinBoxCaretGuard.cpp.o
[270/339] Building CXX object CMakeFiles/ugurugu_ui.dir/src/ui/StrokePropertiesDialog.cpp.o
[271/339] Building CXX object CMakeFiles/ugurugu_ui.dir/src/ui/TabletPressureRow.cpp.o
[272/339] Building CXX object CMakeFiles/ugurugu_ui.dir/src/ui/StrokeStabilizationRow.cpp.o
[273/339] Building CXX object CMakeFiles/ugurugu_ui.dir/src/ui/TextPopoverPanel.cpp.o
[274/339] Building CXX object CMakeFiles/ugurugu_ui.dir/src/ui/SettingsDialog.cpp.o
[275/339] Building CXX object CMakeFiles/ugurugu_ui.dir/src/ui/Theme.cpp.o
[276/339] Building CXX object CMakeFiles/ugurugu_ui.dir/src/ui/WobblePlayButton.cpp.o
[277/339] Building CXX object CMakeFiles/ugurugu_ui.dir/src/ui/TimelineBar.cpp.o
[278/339] Building CXX object CMakeFiles/ugurugu_ui.dir/src/ui/ToolPopover.cpp.o
[279/339] Building CXX object CMakeFiles/ugurugu_ui.dir/src/ui/WobbleDock.cpp.o
[280/339] Building CXX object CMakeFiles/ugurugu_ui.dir/out/build/macos-release/.qt/rcc/qrc_ugurugu_canvas_shaders.cpp.o
[281/339] Building CXX object CMakeFiles/ugurugu_ui.dir/src/ui/WobblePopoverPanel.cpp.o
[282/339] Building CXX object CMakeFiles/ugurugu_ui.dir/src/ui/WobblePreview.cpp.o
[283/339] Building CXX object CMakeFiles/ugurugu_ui.dir/src/ui/WandReferenceButton.cpp.o
[284/339] Building CXX object CMakeFiles/ugurugu_ui.dir/src/ui/WandPopoverPanel.cpp.o
[285/339] Building CXX object CMakeFiles/ugurugu_ui.dir/src/ui/WwpPresetCodec.cpp.o
[286/339] Building OBJCXX object CMakeFiles/ugurugu_ui.dir/src/ui/MacWindowChrome.mm.o
[287/339] Linking CXX static library libugurugu_ui.a
[288/339] Automatic MOC and UIC for target Ugurugu
[289/339] Generating ugurugu_ja.qm
Updating '/Users/nyabi/Documents/Code/Ugurugu/out/build/macos-release/ugurugu_ja.qm'...
    Generated 723 translation(s) (723 finished and 0 unfinished)
[290/339] Generating ugurugu_ko.qm
Updating '/Users/nyabi/Documents/Code/Ugurugu/out/build/macos-release/ugurugu_ko.qm'...
    Generated 723 translation(s) (723 finished and 0 unfinished)
[291/339] Running rcc for resource ugurugu_translations
[292/339] Running rcc for resource ugurugu_fonts
[293/339] Building CXX object CMakeFiles/Ugurugu.dir/out/build/macos-release/.qt/rcc/qrc_ugurugu_translations.cpp.o
[294/339] Automatic MOC and UIC for target ugurugu_tests
[295/339] Building CXX object CMakeFiles/Ugurugu.dir/Ugurugu_autogen/mocs_compilation.cpp.o
[296/339] Building CXX object CMakeFiles/ugurugu_tests.dir/ugurugu_tests_autogen/mocs_compilation.cpp.o
[297/339] Building OBJCXX object CMakeFiles/Ugurugu.dir/src/app/UpdateControllerMac.mm.o
[298/339] Building CXX object CMakeFiles/Ugurugu.dir/src/main.cpp.o
[299/339] Building CXX object CMakeFiles/Ugurugu.dir/out/build/macos-release/.qt/rcc/qrc_ugurugu_fonts.cpp.o
[300/339] Building CXX object CMakeFiles/ugurugu_tests.dir/tests/BrokenLineModelTests.cpp.o
[301/339] Building CXX object CMakeFiles/ugurugu_tests.dir/tests/AppPolicyTests.cpp.o
[302/339] Building CXX object CMakeFiles/ugurugu_tests.dir/tests/ClassicStrokeMotionTests.cpp.o
[303/339] Building CXX object CMakeFiles/ugurugu_tests.dir/tests/DocumentTests.cpp.o
[304/339] Building CXX object CMakeFiles/ugurugu_tests.dir/tests/BrushRenderingTests.cpp.o
[305/339] Building CXX object CMakeFiles/ugurugu_tests.dir/tests/DocumentLifecycleTests.cpp.o
[306/339] Building CXX object CMakeFiles/ugurugu_tests.dir/tests/DocumentHistoryTests.cpp.o
[307/339] Building CXX object CMakeFiles/ugurugu_tests.dir/tests/FrozenFillMaskTests.cpp.o
[308/339] Building CXX object CMakeFiles/ugurugu_tests.dir/tests/DocumentResizeTests.cpp.o
[309/339] Building CXX object CMakeFiles/ugurugu_tests.dir/tests/GifWriterTests.cpp.o
[310/339] Building CXX object CMakeFiles/ugurugu_tests.dir/tests/DocumentSchemaTests.cpp.o
[311/339] Building CXX object CMakeFiles/ugurugu_tests.dir/tests/LayerCommandTests.cpp.o
[312/339] Building CXX object CMakeFiles/ugurugu_tests.dir/tests/LayerCompositionTests.cpp.o
[313/339] Building CXX object CMakeFiles/ugurugu_tests.dir/tests/LegacyRenderGoldenTests.cpp.o
[314/339] Building CXX object CMakeFiles/ugurugu_tests.dir/tests/RenderEngineTests.cpp.o
[315/339] Building CXX object CMakeFiles/ugurugu_tests.dir/tests/MotionTimeModelTests.cpp.o
[316/339] Building CXX object CMakeFiles/ugurugu_tests.dir/tests/LayerSplitPreviewTests.cpp.o
[317/339] Building CXX object CMakeFiles/ugurugu_tests.dir/tests/MaskRegressionTests.cpp.o
[318/339] Building CXX object CMakeFiles/ugurugu_tests.dir/tests/ReleaseNotesTests.cpp.o
[319/339] Building CXX object CMakeFiles/ugurugu_tests.dir/tests/RasterAssetTableTests.cpp.o
[320/339] Building CXX object CMakeFiles/ugurugu_tests.dir/tests/SelectionClipboardTests.cpp.o
[321/339] Building CXX object CMakeFiles/ugurugu_tests.dir/tests/RenderPreviewTests.cpp.o
[322/339] Building CXX object CMakeFiles/ugurugu_tests.dir/tests/SelectionPreviewTests.cpp.o
[323/339] Building CXX object CMakeFiles/ugurugu_tests.dir/tests/SerializationBudgetTests.cpp.o
[324/339] Building CXX object CMakeFiles/ugurugu_tests.dir/tests/StrokeCommandTests.cpp.o
[325/339] Building CXX object CMakeFiles/ugurugu_tests.dir/tests/StrokeCoverageTests.cpp.o
[326/339] Building CXX object CMakeFiles/ugurugu_tests.dir/tests/TestMain.cpp.o
[327/339] Building CXX object CMakeFiles/ugurugu_tests.dir/tests/StrokeStabilizerTests.cpp.o
[328/339] Building CXX object CMakeFiles/ugurugu_tests.dir/tests/StrokeRenderingTests.cpp.o
[329/339] Building CXX object CMakeFiles/ugurugu_tests.dir/tests/TextStrokeBuilderTests.cpp.o
[330/339] Building CXX object CMakeFiles/ugurugu_tests.dir/tests/WobbleAnimationTests.cpp.o
[331/339] Building CXX object CMakeFiles/ugurugu_tests.dir/tests/WawaV10ReaderTests.cpp.o
[332/339] Building CXX object CMakeFiles/ugurugu_tests.dir/tests/WebPWriterTests.cpp.o
[333/339] Linking CXX executable Ugurugu.app/Contents/MacOS/Ugurugu
[334/339] Building CXX object CMakeFiles/ugurugu_tests.dir/tests/UiDrawingToolTests.cpp.o
[335/339] Building CXX object CMakeFiles/ugurugu_tests.dir/tests/UiSessionTests.cpp.o
[336/339] Building CXX object CMakeFiles/ugurugu_tests.dir/tests/UiViewportTests.cpp.o
[337/339] Building CXX object CMakeFiles/ugurugu_tests.dir/tests/UiSelectionTests.cpp.o
[338/339] Building CXX object CMakeFiles/ugurugu_tests.dir/tests/UiShellTests.cpp.o
[339/339] Linking CXX executable ugurugu_tests
